
> rhino-inquisitor-com@0.1.0 lhci:run:p8:mobile
> node scripts/phase-8/run-lhci.js --profile mobile

[RHI-088] Running Lighthouse CI for mobile profile
[RHI-088] Representative URLs: http://localhost/, http://localhost/real-time-inventory-checks-in-sfcc/, http://localhost/category/ai/
✅  .lighthouseci/ directory writable
✅  Configuration file found
✅  Chrome installation found
⚠️   GitHub token not set
Healthcheck passed!

Started a web server on port 59387...
Running Lighthouse 3 time(s) on http://localhost:59387/
Run #1...done.
Run #2...done.
Run #3...done.
Running Lighthouse 3 time(s) on http://localhost:59387/real-time-inventory-checks-in-sfcc/
Run #1...done.
Run #2...done.
Run #3...done.
Running Lighthouse 3 time(s) on http://localhost:59387/category/ai/
Run #1...done.
Run #2...done.
Run #3...done.
Done running Lighthouse!

Checking assertions against 3 URL(s), 9 total run(s)

All results processed!

Dumping 9 reports to disk at /Users/thomastheunen/Documents/Projects/rhino-inquisitor-com/validation/lhci-report/mobile...
Done writing reports to disk.

Done running autorun.
__EXIT:0
